// Jest Snapshot v1, https://goo.gl/fbAQLP

exports[`test product card should render correctly 1`] = `
<DocumentFragment>
  <div
    class="product-card"
  >
    <div
      class="product-card__text"
    >
      <h2
        class="product-card__name"
      >
        Швабра
      </h2>
      <div
        class="product-card__description"
      >
        Настоящая китайская швабра
      </div>
      <h1
        class="product-card__price"
      >
        10 ₽
      </h1>
      <div
        class="product-card__category"
      >
        Для дома
      </div>
    </div>
    <img
      alt="Швабра"
      class="product-card__image"
      src="/img.jpg"
    />
  </div>
</DocumentFragment>
`;
