// Jest Snapshot v1, https://goo.gl/fbAQLP

exports[`Button render should contain snapshot 1`] = `
<DocumentFragment>
  <button
    class="sort-button"
  >
    Сортировать по умолчанию
  </button>
</DocumentFragment>
`;
