// Jest Snapshot v1, https://goo.gl/fbAQLP

exports[`test ProductCard function renders correctly 1`] = `
<DocumentFragment>
  <div
    class="product-card"
  >
    <div
      class="product-card__text"
    >
      <h2
        class="product-card__name"
      >
        Product Name
      </h2>
      <div
        class="product-card__description"
      >
        Product Description
      </div>
      <h1
        class="product-card__price"
      >
        1 000 ₽
      </h1>
      <div
        class="product-card__category"
      >
        Для дома
      </div>
    </div>
    <img
      alt="Product Name"
      class="product-card__image"
      src="http://example.com/image.png"
    />
  </div>
</DocumentFragment>
`;
