// Jest Snapshot v1, https://goo.gl/fbAQLP

exports[`Categories test should render correctly 1`] = `
<DocumentFragment>
  <div
    class="categories"
  >
    <div
      class="categories__badge"
      data-testid="button-select-category"
    >
      Одежда
    </div>
    <div
      class="categories__badge"
      data-testid="button-select-category"
    >
      Для дома
    </div>
    <div
      class="categories__badge"
      data-testid="button-select-category"
    >
      Электроника
    </div>
  </div>
</DocumentFragment>
`;
